0 -39.2809 -0.40495 0.1 0 0 0
1 -38.7316 -0.400305 1 0.00931067 1 0.0103682
2 -37.1837 -0.3853 2 0.0197131 1 0.0104321
3 -34.6527 -0.360031 3 0.0301882 1 0.0105143
4 -31.131 -0.324335 4 0.0407674 1 0.0106436
5 -26.6149 -0.278029 5 0.0515501 1 0.0109483
6 -21.1019 -0.220542 6 0.0643619 1 0.0217134
7 -14.5909 -0.150858 7 0.074758 1 0.0103386
8 -7.08144 -0.0708787 8 0.0849524 1 0.0100053
9 1.42691 0.0185538 9 0.0931444 1 0.010116
10 10.4269 0.116773 9 0.103022 0 0.00946509
11 19.4269 0.223831 9 0.109278 0 -0.00185298
12 28.4269 0.3104 9 0.0671917 0 0.00549727
13 37.4269 0.378747 9 0.0726311 0 0.0116337
14 46.4269 0.469245 9 0.109145 0 0.010687
15 55.4269 0.583666 9 0.119342 0 0.00957813
16 64.4269 0.707248 9 0.126855 0 0.00455898
17 73.4269 0.82443 9 0.0944149 0 0.00721254
18 82.4269 0.922136 9 0.10046 0 0.00462298
19 91.4269 1.02332 9 0.0992838 0 -0.0116392
20 100.427 1.04807 9 -0.0081298 0 0.00968888
21 109.427 1.04611 9 0.00540629 0 0.0180678
22 118.427 1.06668 9 0.0479637 0 0.104618
23 127.427 1.14243 9 0.0844986 0 0.0166301
24 136.427 1.23591 9 0.102688 0 0.019713
25 145.427 1.34964 9 0.125575 0 0.0266156
26 154.427 1.49688 9 0.211677 0 0.43496
27 163.427 1.71478 9 0.223069 0 0.00876138
28 172.427 1.94017 9 0.225107 0 -0.00645206
29 181.427 2.14627 9 0.135442 0 -0.424297
30 190.427 2.28028 9 0.131271 0 -0.00835144
31 199.427 2.40391 9 0.112061 0 -0.0334649
32 208.427 2.46896 9 0.00122654 0 -0.00584405
33 217.427 2.46652 9 -0.00677085 0 -0.0105238
34 226.427 2.45112 9 -0.030576 0 -0.0567033
35 235.427 2.41299 9 -0.0339336 0 0.0110707
36 244.427 2.38625 9 -0.0180703 0 0.0213043
37 253.427 2.38474 9 0.0237174 0 0.0790042
38 262.427 2.46693 9 0.103172 0 0.0204662
39 271.427 2.58129 9 0.125973 0 0.0252027
40 280.427 2.72199 9 0.157423 0 0.0401944
41 289.427 2.92164 9 0.233629 0 0.0133986
42 298.427 3.16064 9 0.242585 0 0.00363007
43 307.427 3.39888 9 0.223626 0 -0.0622042
44 316.427 3.55197 9 0.133995 0 -0.00586661
45 325.427 3.6801 9 0.118987 0 -0.0266692
46 334.427 3.75997 9 0.00101438 0 -0.000146753
47 343.427 3.76089 9 0.000813244 0 -0.000256346
48 352.427 3.76154 9 0.000437619 0 -0.000513888
49 361.427 3.76155 9 -0.000686264 0 -0.00240029
50 370.427 3.76344 9 0.00759972 0 0.0138807
